signature: HUI
quantity: 47

| ip |		COMMAND		|	TYPE		ASM_CODE	|	ERROR
|0000|		in          |	cmd    		7       	|	 0
|0001|		push        |	cmd    		65537   	|	 0
|0002|		1           |	val    		1       	|	 0
|0003|		push        |	cmd    		65537   	|	 0
|0004|		1           |	val    		1       	|	 0
|0005|		pop         |	cmd    		131074  	|	 0
|0006|		bx          |	reg    		22      	|	 0
|0007|		pop         |	cmd    		131074  	|	 0
|0008|		cx          |	reg    		23      	|	 0
|0009|		pop         |	cmd    		131074  	|	 0
|0010|		ax          |	reg    		21      	|	 0
|0011|		push        |	cmd    		131073  	|	 0
|0012|		ax          |	reg    		21      	|	 0
|0013|		push        |	cmd    		65537   	|	 0
|0014|		0           |	val    		0       	|	 0
|0015|		je          |	jmp    		32      	|	 0
|0016|		:ZeroFactorial|	flg    		39      	|	 0
|0017|		push        |	cmd    		131073  	|	 0
|0018|		bx          |	reg    		22      	|	 0
|0019|		push        |	cmd    		131073  	|	 0
|0020|		cx          |	reg    		23      	|	 0
|0021|		mul         |	cmd    		5       	|	 0
|0022|		pop         |	cmd    		131074  	|	 0
|0023|		bx          |	reg    		22      	|	 0
|0024|		push        |	cmd    		131073  	|	 0
|0025|		cx          |	reg    		23      	|	 0
|0026|		push        |	cmd    		131073  	|	 0
|0027|		ax          |	reg    		21      	|	 0
|0028|		je          |	jmp    		32      	|	 0
|0029|		:Answer     |	flg    		43      	|	 0
|0030|		push        |	cmd    		131073  	|	 0
|0031|		cx          |	reg    		23      	|	 0
|0032|		push        |	cmd    		65537   	|	 0
|0033|		1           |	val    		1       	|	 0
|0034|		add         |	cmd    		3       	|	 0
|0035|		pop         |	cmd    		131074  	|	 0
|0036|		cx          |	reg    		23      	|	 0
|0037|		jmp         |	jmp    		31      	|	 0
|0038|		:factorial  |	flg    		17      	|	 0
|0039|		push        |	cmd    		65537   	|	 0
|0040|		1           |	val    		1       	|	 0
|0041|		out         |	cmd    		8       	|	 0
|0042|		hlt         |	cmd    		0       	|	 0
|0043|		push        |	cmd    		131073  	|	 0
|0044|		bx          |	reg    		22      	|	 0
|0045|		out         |	cmd    		8       	|	 0
|0046|		hlt         |	cmd    		0       	|	 0
